// Jest Snapshot v1, https://goo.gl/fbAQLP

exports[`renders the ProductDescription correctly 1`] = `
<footer
  className="sc-f885c03c-0 fEdYWc"
>
  Octopus Energy Ltd is a company registered in England and Wales. Registered number: 09263424. Registered office: 33 Holborn, London, ECIN 2HT. Trading office: 20-24 Broadwick Street, London, WIF 8HT
</footer>
`;
